Added Component: Designator=1(DIEN TRO 0805)
Add component (AddParameter): Name = "LatestRevisionDate"; Value = "17-Jul-2002"; VariantName = "[No Variations]"
Add component (AddParameter): Name = "LatestRevisionNote"; Value = "Re-released for DXP Platform."; VariantName = "[No Variations]"
Add component (AddParameter): Name = "PackageReference"; Value = "AXIAL-0.4"; VariantName = "[No Variations]"
Add component (AddParameter): Name = "Published"; Value = "8-Jun-2000"; VariantName = "[No Variations]"
Add component (AddParameter): Name = "Publisher"; Value = "Altium Limited"; VariantName = "[No Variations]"
Add component (AddParameter): Name = "Value"; Value = "0805"; VariantName = "[No Variations]"
Added Component: Designator=10k(DIEN TRO 0805)
Add component (AddParameter): Name = "LatestRevisionDate"; Value = "17-Jul-2002"; VariantName = "[No Variations]"
Add component (AddParameter): Name = "LatestRevisionNote"; Value = "Re-released for DXP Platform."; VariantName = "[No Variations]"
Add component (AddParameter): Name = "PackageReference"; Value = "AXIAL-0.4"; VariantName = "[No Variations]"
Add component (AddParameter): Name = "Published"; Value = "8-Jun-2000"; VariantName = "[No Variations]"
Add component (AddParameter): Name = "Publisher"; Value = "Altium Limited"; VariantName = "[No Variations]"
Add component (AddParameter): Name = "Value"; Value = "0805"; VariantName = "[No Variations]"
Added Component: Designator=470(DIEN TRO 0805)
Add component (AddParameter): Name = "LatestRevisionDate"; Value = "17-Jul-2002"; VariantName = "[No Variations]"
Add component (AddParameter): Name = "LatestRevisionNote"; Value = "Re-released for DXP Platform."; VariantName = "[No Variations]"
Add component (AddParameter): Name = "PackageReference"; Value = "AXIAL-0.4"; VariantName = "[No Variations]"
Add component (AddParameter): Name = "Published"; Value = "8-Jun-2000"; VariantName = "[No Variations]"
Add component (AddParameter): Name = "Publisher"; Value = "Altium Limited"; VariantName = "[No Variations]"
Add component (AddParameter): Name = "Value"; Value = "0805"; VariantName = "[No Variations]"
Added Component: Designator=C7(SM-0805)
Add component (AddParameter): Name = "Value"; Value = "103"; VariantName = "[No Variations]"
Added Component: Designator=C8(SM-0805)
Add component (AddParameter): Name = "Value"; Value = "103"; VariantName = "[No Variations]"
Added Component: Designator=LED2(LED0805)
Added Component: Designator=SW1(SW2)
Add component (AddParameter): Name = "Value"; Value = "SW chip 2 pin"; VariantName = "[No Variations]"
Added Component: Designator=SW2(SW2)
Add component (AddParameter): Name = "Value"; Value = "SW chip 2 pin"; VariantName = "[No Variations]"
Added Pin To Net: NetName=+3.3 Pin=1-2
Added Pin To Net: NetName=+3.3 Pin=10k-2
Added Pin To Net: NetName=GND Pin=C7-1
Added Pin To Net: NetName=GND Pin=C8-1
Added Pin To Net: NetName=GND Pin=LED2-2
Added Pin To Net: NetName=GND Pin=SW1-2
Added Pin To Net: NetName=GND Pin=SW2-2
Added Pin To Net: NetName=BOOT Pin=1-1
Added Pin To Net: NetName=BOOT Pin=C8-2
Added Pin To Net: NetName=BOOT Pin=MD1-25
Added Pin To Net: NetName=BOOT Pin=SW2-1
Added Net: Name=BOOT
Added Pin To Net: NetName=EN Pin=10k-1
Added Pin To Net: NetName=EN Pin=C7-2
Added Pin To Net: NetName=EN Pin=MD1-3
Added Pin To Net: NetName=EN Pin=SW1-1
Added Net: Name=EN
Added Pin To Net: NetName=Net470_1 Pin=470-1
Added Pin To Net: NetName=Net470_1 Pin=LED2-1
Added Net: Name=Net470_1
Added Pin To Net: NetName=Net470_2 Pin=470-2
Added Pin To Net: NetName=Net470_2 Pin=MD1-24
Added Net: Name=Net470_2
Added Member To Class: ClassName=XEDIEUKHIEN Member=Component 1 R0805
Added Member To Class: ClassName=XEDIEUKHIEN Member=Component 10k R0805
Added Member To Class: ClassName=XEDIEUKHIEN Member=Component 470 R0805
Added Member To Class: ClassName=XEDIEUKHIEN Member=Component C7 104
Added Member To Class: ClassName=XEDIEUKHIEN Member=Component C8 104
Added Member To Class: ClassName=XEDIEUKHIEN Member=Component LED2 LED3
Added Member To Class: ClassName=XEDIEUKHIEN Member=Component SW1 SW
Added Member To Class: ClassName=XEDIEUKHIEN Member=Component SW2 SW
